// Jest Snapshot v1, https://goo.gl/fbAQLP

exports[`Image Card should be render correctly 1`] = `ShallowWrapper {}`;
